BEGIN:VCALENDAR
METHOD:REQUEST
VERSION:2.0
PRODID:-//Microsoft Corporation//Windows Live Calendar//EN
BEGIN:VTIMEZONE
TZID:America/Vancouver
BEGIN:STANDARD
DTSTART:20071104T020000
RRULE:FREQ=YEARLY;BYMONTH=11;BYDAY=1SU
TZOFFSETTO:-0800
TZOFFSETFROM:-0700
END:STANDARD
BEGIN:DAYLIGHT
DTSTART:20070311T020000
RRULE:FREQ=YEARLY;BYMONTH=3;BYDAY=2SU
TZOFFSETTO:-0700
TZOFFSETFROM:-0800
END:DAYLIGHT
END:VTIMEZONE
BEGIN:VEVENT
UID:0b12874e-0fb7-440a-a1cd-5fe2090c626a
DTSTAMP:20140221T110129Z
CLASS:PUBLIC
X-MICROSOFT-CDO-BUSYSTATUS:BUSY
TRANSP:OPAQUE
SEQUENCE:1
DTSTART;TZID=America/Vancouver:20140221T133000
DTEND;TZID=America/Vancouver:20140221T143000
SUMMARY:From outlook edited
DESCRIPTION:dfgdg dfgfdgdfgd äöüß_<>\;„’’
LOCATION:room äöüß_<>\;„’’
PRIORITY:0
ATTENDEE;CUTYPE=INDIVIDUAL;CN=roxana.dragavei@gmail.com;ROLE=REQ-PARTICIPANT;PARTSTAT=NEEDS-ACTION;RSVP=TRUE:MAILTO:roxana.dragavei@gmail.com
ATTENDEE;CUTYPE=INDIVIDUAL;CN=roxana.dragavei@web.de;ROLE=REQ-PARTICIPANT;PARTSTAT=NEEDS-ACTION;RSVP=TRUE:MAILTO:roxana.dragavei@web.de
ORGANIZER;CN=Begenda T:MAILTO:begendatest01@outlook.com
BEGIN:VALARM
ACTION:DISPLAY
TRIGGER:-PT15M
DESCRIPTION:display
END:VALARM
END:VEVENT
END:VCALENDAR